
> modern-portfolio-suraj@1.0.0 build
> tsc --noEmit && vite build

[36mvite v5.4.21 [32mbuilding for production...[36m[39m
transforming...
[32mΓ£ô[39m 5 modules transformed.
node.exe : [31mx[39m Build 
failed in 207ms
At C:\Program 
Files\nodejs\npm.ps1:29 char:3
+   & $NODE_EXE $NPM_CLI_JS $args
+   ~~~~~~~~~~~~~~~~~~~~~~~~~~~~~
    + CategoryInfo          : 
NotSpeci    fied: ([31mx[39m 
Build failed in     207ms:String) 
[], RemoteException
    + FullyQualifiedErrorId : 
NativeCo    mmandError
 
[31merror during build:
[31m[vite:css] [postcss] It 
looks like you're trying to use 
`tailwindcss` directly as a 
PostCSS plugin. The PostCSS 
plugin has moved to a separate 
package, so to continue using 
Tailwind CSS with PostCSS you'll 
need to install 
`@tailwindcss/postcss` and update 
your PostCSS configuration.[31m
file: [36mD:/protfolio-test/src/i
ndex.css:undefined:NaN[31m
    at at (D:\protfolio-test\node_
modules\tailwindcss\dist\lib.js:38
:1643)
    at LazyResult.runOnRoot (D:\pr
otfolio-test\node_modules\postcss\
lib\lazy-result.js:361:16)
    at LazyResult.runAsync (D:\pro
tfolio-test\node_modules\postcss\l
ib\lazy-result.js:290:26)
    at LazyResult.async (D:\protfo
lio-test\node_modules\postcss\lib\
lazy-result.js:192:30)
    at LazyResult.then (D:\protfol
io-test\node_modules\postcss\lib\l
azy-result.js:436:17)[39m
